── Attaching core tidyverse packages ──────────────────────── tidyverse 2.0.0 ──
✔ dplyr     1.1.4     ✔ readr     2.1.5
✔ forcats   1.0.0     ✔ stringr   1.5.2
✔ ggplot2   4.0.0     ✔ tibble    3.3.0
✔ lubridate 1.9.4     ✔ tidyr     1.3.1
✔ purrr     1.1.0     
── Conflicts ────────────────────────────────────────── tidyverse_conflicts() ──
✖ dplyr::filter() masks stats::filter()
✖ dplyr::lag()    masks stats::lag()
ℹ Use the conflicted package (<http://conflicted.r-lib.org/>) to force all conflicts to become errors
Warning message:
package ‘did’ was built under R version 4.5.2 
Rows: 1326 Columns: 6
── Column specification ────────────────────────────────────────────────────────
Delimiter: ","
chr (2): year, state
dbl (4): basketball, cross_country, soccer, track_field

ℹ Use `spec()` to retrieve the full column specification for this data.
ℹ Specify the column types or set `show_col_types = FALSE` to quiet this message.
=== Panel structure ===
States: 51 | Years: 26 | Rows: 1326 
Perfectly balanced: TRUE 

=== Missing values by sport (after fixes) ===
# A tibble: 1 × 4
  basketball cross_country soccer track_field
       <int>         <int>  <int>       <int>
1          4            13     29           2

=== Summary statistics (all states, all years) ===
   basketball    cross_country       soccer       track_field   
 Min.   :   90   Min.   :   65   Min.   :   18   Min.   :  176  
 1st Qu.: 3360   1st Qu.:  962   1st Qu.: 1720   1st Qu.: 3072  
 Median : 6759   Median : 2294   Median : 4070   Median : 6538  
 Mean   : 9250   Mean   : 3718   Mean   : 6570   Mean   :10282  
 3rd Qu.:10764   3rd Qu.: 4407   3rd Qu.: 8389   3rd Qu.:12603  
 Max.   :72200   Max.   :32951   Max.   :54996   Max.   :76050  
 NA's   :4       NA's   :13      NA's   :29      NA's   :2      

=== Mean participation: treated vs. never-treated states ===
# A tibble: 2 × 6
  group         n_states basketball cross_country soccer track_field
  <chr>            <int>      <dbl>         <dbl>  <dbl>       <dbl>
1 Ever-treated        18     15680.         6948. 11393.      17529.
2 Never-treated       33      5750.         1935.  3857.       6332.

=== Treatment cohort sizes ===
# A tibble: 9 × 2
  label                   n
  <chr>               <int>
1 Never treated          33
2 First treated: 1997     7
3 First treated: 1998     2
4 First treated: 1999     2
5 First treated: 2000     3
6 First treated: 2003     1
7 First treated: 2006     1
8 First treated: 2008     1
9 First treated: 2010     1
Saved: map_wnba_states.pdf
Saved trend plots.

============================================================
Sport: Basketball 
============================================================ 
States: 47 | Years: 26 | Rows: 1222 
Never-treated: 31 states

--- Overall ATT (simple) ---

Call:
aggte(MP = cs, type = "simple")

Reference: Callaway, Brantly and Pedro H.C. Sant'Anna.  "Difference-in-Differences with Multiple Time Periods." Journal of Econometrics, Vol. 225, No. 2, pp. 200-230, 2021. <https://doi.org/10.1016/j.jeconom.2020.12.001>, <https://arxiv.org/abs/1803.09015> 


      ATT    Std. Error     [ 95%  Conf. Int.]  
 2137.374      847.0352   477.2153    3797.532 *


---
Signif. codes: `*' confidence band does not cover 0

Control Group:  Never Treated,  Anticipation Periods:  0
Estimation Method:  Outcome Regression
NULL

--- ATT by cohort ---

Call:
aggte(MP = cs, type = "group")

Reference: Callaway, Brantly and Pedro H.C. Sant'Anna.  "Difference-in-Differences with Multiple Time Periods." Journal of Econometrics, Vol. 225, No. 2, pp. 200-230, 2021. <https://doi.org/10.1016/j.jeconom.2020.12.001>, <https://arxiv.org/abs/1803.09015> 


Overall summary of ATT's based on group/cohort aggregation:  
      ATT    Std. Error     [ 95%  Conf. Int.]  
 2038.093      728.8843   609.5056     3466.68 *


Group Effects:
 Group  Estimate Std. Error [95% Simult.  Conf. Band]  
  1997 2448.1068  1533.8470     -916.8407   5813.0544  
  1998 6828.5822   524.5062     5677.9226   7979.2418 *
  1999 1663.6016   588.2613      373.0763   2954.1269 *
  2000 -200.7419   229.4195     -704.0416    302.5577  
  2003  -30.8347   190.3841     -448.4986    386.8292  
  2006 3043.9429   213.7973     2574.9152   3512.9707 *
  2008 1368.2493   198.1795      933.4839   1803.0147 *
  2010 1337.0753   251.6174      785.0780   1889.0726 *
---
Signif. codes: `*' confidence band does not cover 0

Control Group:  Never Treated,  Anticipation Periods:  0
Estimation Method:  Outcome Regression
NULL

--- Dynamic ATT (event study) ---

Call:
aggte(MP = cs, type = "dynamic", min_e = min_e, max_e = max_e)

Reference: Callaway, Brantly and Pedro H.C. Sant'Anna.  "Difference-in-Differences with Multiple Time Periods." Journal of Econometrics, Vol. 225, No. 2, pp. 200-230, 2021. <https://doi.org/10.1016/j.jeconom.2020.12.001>, <https://arxiv.org/abs/1803.09015> 


Overall summary of ATT's based on event-study/dynamic aggregation:  
      ATT    Std. Error     [ 95%  Conf. Int.]  
 1346.749      578.6563   212.6036    2480.895 *


Dynamic Effects:
 Event time  Estimate Std. Error [95% Simult.  Conf. Band]  
         -5  -18.9435   179.3399     -420.1221    382.2350  
         -4   14.9283   193.1327     -417.1045    446.9612  
         -3 1120.0847   926.1563     -951.7027   3191.8720  
         -2  425.1048   368.2103     -398.5719   1248.7815  
         -1 -448.8448   531.8355    -1638.5468    740.8573  
          0  431.4577  1032.9278    -1879.1748   2742.0901  
          1  974.4657   438.5265       -6.5065   1955.4380  
          2 1154.1048   421.7527      210.6550   2097.5547 *
          3 1464.1008   625.0106       65.9685   2862.2331 *
          4 1547.0625   571.2923      269.0967   2825.0283 *
          5 1567.3508   606.5040      210.6173   2924.0844 *
          6 1664.3065   682.8846      136.7115   3191.9014 *
          7 1695.2016   639.5663      264.5086   3125.8946 *
          8 1622.6915   651.6334      165.0047   3080.3784 *
---
Signif. codes: `*' confidence band does not cover 0

Control Group:  Never Treated,  Anticipation Periods:  0
Estimation Method:  Outcome Regression
NULL
Saved: es_basketball.pdf
`height` was translated to `width`.
Saved: cohort_basketball.pdf
Warning messages:
1: In did_standarization(data, args) :
  Be aware that there are some small groups in your dataset.
  Check groups: c(2003, 1999, 2008, 2006, 2010, 2000, 1998).
2: In att_gt(yname = yname, tname = "year", idname = "state_id", gname = "first_treat",  :
  Not returning pre-test Wald statistic due to singular covariance matrix
3: In grid.Call.graphics(C_text, as.graphicsAnnot(x$label), x$x, x$y,  :
  for 'ATT relative to t−1 (participants)' in 'mbcsToSbcs': - substituted for − (U+2212)
4: In grid.Call.graphics(C_text, as.graphicsAnnot(x$label), x$x, x$y,  :
  for 'Callaway-Sant’Anna (2021) | Never-treated control | 95% uniform CB | Normalized to t−1' in 'mbcsToSbcs': ' substituted for ’ (U+2019)
5: In grid.Call.graphics(C_text, as.graphicsAnnot(x$label), x$x, x$y,  :
  for 'Callaway-Sant’Anna (2021) | Never-treated control | 95% uniform CB | Normalized to t−1' in 'mbcsToSbcs': - substituted for − (U+2212)
6: In grid.Call.graphics(C_text, as.graphicsAnnot(x$label), x$x, x$y,  :
  for 'Callaway-Sant’Anna (2021) | Never-treated control' in 'mbcsToSbcs': ' substituted for ’ (U+2019)

============================================================
Sport: Soccer 
============================================================ 
States: 46 | Years: 26 | Rows: 1196 
Never-treated: 29 states

--- Overall ATT (simple) ---

Call:
aggte(MP = cs, type = "simple")

Reference: Callaway, Brantly and Pedro H.C. Sant'Anna.  "Difference-in-Differences with Multiple Time Periods." Journal of Econometrics, Vol. 225, No. 2, pp. 200-230, 2021. <https://doi.org/10.1016/j.jeconom.2020.12.001>, <https://arxiv.org/abs/1803.09015> 


      ATT    Std. Error     [ 95%  Conf. Int.]  
 2893.214      1301.033   343.2372    5443.191 *


---
Signif. codes: `*' confidence band does not cover 0

Control Group:  Never Treated,  Anticipation Periods:  0
Estimation Method:  Outcome Regression
NULL

--- ATT by cohort ---

Call:
aggte(MP = cs, type = "group")

Reference: Callaway, Brantly and Pedro H.C. Sant'Anna.  "Difference-in-Differences with Multiple Time Periods." Journal of Econometrics, Vol. 225, No. 2, pp. 200-230, 2021. <https://doi.org/10.1016/j.jeconom.2020.12.001>, <https://arxiv.org/abs/1803.09015> 


Overall summary of ATT's based on group/cohort aggregation:  
      ATT    Std. Error     [ 95%  Conf. Int.]  
 2672.238      1111.999     492.76    4851.717 *


Group Effects:
 Group  Estimate Std. Error [95% Simult.  Conf. Band]  
  1997 4473.2163  2366.5160     -672.0385   9618.4711  
  1998 2409.3629   320.8032     1711.8759   3106.8499 *
  1999 2196.2198   597.0094      898.2081   3494.2315 *
  2000  -80.5490   285.6376     -701.5794    540.4814  
  2003 -257.4634   616.5911    -1598.0493   1083.1226  
  2006 3297.1300   179.8215     2906.1639   3688.0960 *
  2008 1338.1066   155.1434     1000.7954   1675.4178 *
  2010  687.6973   188.5729      277.7040   1097.6907 *
---
Signif. codes: `*' confidence band does not cover 0

Control Group:  Never Treated,  Anticipation Periods:  0
Estimation Method:  Outcome Regression
NULL

--- Dynamic ATT (event study) ---

Call:
aggte(MP = cs, type = "dynamic", min_e = min_e, max_e = max_e)

Reference: Callaway, Brantly and Pedro H.C. Sant'Anna.  "Difference-in-Differences with Multiple Time Periods." Journal of Econometrics, Vol. 225, No. 2, pp. 200-230, 2021. <https://doi.org/10.1016/j.jeconom.2020.12.001>, <https://arxiv.org/abs/1803.09015> 


Overall summary of ATT's based on event-study/dynamic aggregation:  
      ATT    Std. Error     [ 95%  Conf. Int.]  
 1281.281      633.0989    40.4303    2522.132 *


Dynamic Effects:
 Event time  Estimate Std. Error [95% Simult.  Conf. Band]  
         -5  348.7888   204.6346      -68.0393    765.6168  
         -4  -37.7552   215.2467     -476.1994    400.6891  
         -3  581.9229   271.8589       28.1632   1135.6827 *
         -2  -83.0507   668.6289    -1445.0062   1278.9048  
         -1  626.7363   659.1459     -715.9030   1969.3756  
          0  449.2657   444.0568     -455.2504   1353.7818  
          1  900.3895   400.8606       83.8614   1716.9175 *
          2  951.1481   504.1210      -75.7151   1978.0112  
          3 1430.1359   681.2307       42.5112   2817.7606 *
          4 1504.3935   687.7759      103.4367   2905.3503 *
          5  550.3996   939.5735    -1363.4533   2464.2525  
          6 1717.6755   704.4505      282.7536   3152.5973 *
          7 1972.9148   921.1786       96.5312   3849.2984 *
          8 2055.2089   851.2924      321.1792   3789.2386 *
---
Signif. codes: `*' confidence band does not cover 0

Control Group:  Never Treated,  Anticipation Periods:  0
Estimation Method:  Outcome Regression
NULL
Saved: es_soccer.pdf
`height` was translated to `width`.
Saved: cohort_soccer.pdf
Warning messages:
1: In did_standarization(data, args) :
  Be aware that there are some small groups in your dataset.
  Check groups: c(2003, 1999, 2008, 2006, 1998, 2010, 2000).
2: In att_gt(yname = yname, tname = "year", idname = "state_id", gname = "first_treat",  :
  Not returning pre-test Wald statistic due to singular covariance matrix
3: In grid.Call.graphics(C_text, as.graphicsAnnot(x$label), x$x, x$y,  :
  for 'ATT relative to t−1 (participants)' in 'mbcsToSbcs': - substituted for − (U+2212)
4: In grid.Call.graphics(C_text, as.graphicsAnnot(x$label), x$x, x$y,  :
  for 'Callaway-Sant’Anna (2021) | Never-treated control | 95% uniform CB | Normalized to t−1' in 'mbcsToSbcs': ' substituted for ’ (U+2019)
5: In grid.Call.graphics(C_text, as.graphicsAnnot(x$label), x$x, x$y,  :
  for 'Callaway-Sant’Anna (2021) | Never-treated control | 95% uniform CB | Normalized to t−1' in 'mbcsToSbcs': - substituted for − (U+2212)
6: In grid.Call.graphics(C_text, as.graphicsAnnot(x$label), x$x, x$y,  :
  for 'Callaway-Sant’Anna (2021) | Never-treated control' in 'mbcsToSbcs': ' substituted for ’ (U+2019)

============================================================
Sport: Cross Country 
============================================================ 
States: 48 | Years: 26 | Rows: 1248 
Never-treated: 31 states

--- Overall ATT (simple) ---

Call:
aggte(MP = cs, type = "simple")

Reference: Callaway, Brantly and Pedro H.C. Sant'Anna.  "Difference-in-Differences with Multiple Time Periods." Journal of Econometrics, Vol. 225, No. 2, pp. 200-230, 2021. <https://doi.org/10.1016/j.jeconom.2020.12.001>, <https://arxiv.org/abs/1803.09015> 


      ATT    Std. Error     [ 95%  Conf. Int.]  
 760.4672      380.6063    14.4926    1506.442 *


---
Signif. codes: `*' confidence band does not cover 0

Control Group:  Never Treated,  Anticipation Periods:  0
Estimation Method:  Outcome Regression
NULL

--- ATT by cohort ---

Call:
aggte(MP = cs, type = "group")

Reference: Callaway, Brantly and Pedro H.C. Sant'Anna.  "Difference-in-Differences with Multiple Time Periods." Journal of Econometrics, Vol. 225, No. 2, pp. 200-230, 2021. <https://doi.org/10.1016/j.jeconom.2020.12.001>, <https://arxiv.org/abs/1803.09015> 


Overall summary of ATT's based on group/cohort aggregation:  
     ATT    Std. Error     [ 95%  Conf. Int.]  
 786.225      336.6049   126.4915    1445.959 *


Group Effects:
 Group  Estimate Std. Error [95% Simult.  Conf. Band]  
  1997  465.5481   830.1631    -1408.8739   2339.9702  
  1998 1424.6198   412.9127      492.3058   2356.9338 *
  1999 1187.0476   123.1667      908.9500   1465.1452 *
  2000  486.5076   186.5931       65.1997    907.8156 *
  2003  307.6532   105.8352       68.6883    546.6181 *
  2006 1539.1960    89.5063     1337.1001   1741.2920 *
  2008 1766.4106    98.0780     1544.9607   1987.8604 *
  2010  276.4194   107.8285       32.9538    519.8849 *
---
Signif. codes: `*' confidence band does not cover 0

Control Group:  Never Treated,  Anticipation Periods:  0
Estimation Method:  Outcome Regression
NULL

--- Dynamic ATT (event study) ---

Call:
aggte(MP = cs, type = "dynamic", min_e = min_e, max_e = max_e)

Reference: Callaway, Brantly and Pedro H.C. Sant'Anna.  "Difference-in-Differences with Multiple Time Periods." Journal of Econometrics, Vol. 225, No. 2, pp. 200-230, 2021. <https://doi.org/10.1016/j.jeconom.2020.12.001>, <https://arxiv.org/abs/1803.09015> 


Overall summary of ATT's based on event-study/dynamic aggregation:  
      ATT    Std. Error     [ 95%  Conf. Int.]  
 418.3369      156.4324    111.735    724.9389 *


Dynamic Effects:
 Event time Estimate Std. Error [95% Simult.  Conf. Band]  
         -5 -82.4659   110.8844     -346.6462    181.7143  
         -4  65.0000   256.8684     -546.9846    676.9846  
         -3 378.0911   317.5030     -378.3543   1134.5364  
         -2  54.2163   101.0919     -186.6334    295.0660  
         -1  93.9488   121.2889     -195.0199    382.9174  
          0  44.6603   244.6189     -538.1399    627.4606  
          1 426.7913   227.0746     -114.2099    967.7925  
          2 282.5977    99.7972       44.8326    520.3629 *
          3 308.8805   156.1373      -63.1139    680.8748  
          4 472.6793   208.9906      -25.2371    970.5958  
          5 509.3605   196.8396       40.3937    978.3274 *
          6 659.5351   275.1171        4.0735   1314.9967 *
          7 513.7856   236.2607      -49.1013   1076.6725  
          8 546.7419   255.7564      -62.5932   1156.0770  
---
Signif. codes: `*' confidence band does not cover 0

Control Group:  Never Treated,  Anticipation Periods:  0
Estimation Method:  Outcome Regression
NULL
Saved: es_cross_country.pdf
`height` was translated to `width`.
Saved: cohort_cross_country.pdf
Warning messages:
1: In did_standarization(data, args) :
  Be aware that there are some small groups in your dataset.
  Check groups: c(2003, 1999, 2008, 2006, 2000, 1998, 2010).
2: In att_gt(yname = yname, tname = "year", idname = "state_id", gname = "first_treat",  :
  Not returning pre-test Wald statistic due to singular covariance matrix
3: In grid.Call.graphics(C_text, as.graphicsAnnot(x$label), x$x, x$y,  :
  for 'ATT relative to t−1 (participants)' in 'mbcsToSbcs': - substituted for − (U+2212)
4: In grid.Call.graphics(C_text, as.graphicsAnnot(x$label), x$x, x$y,  :
  for 'Callaway-Sant’Anna (2021) | Never-treated control | 95% uniform CB | Normalized to t−1' in 'mbcsToSbcs': ' substituted for ’ (U+2019)
5: In grid.Call.graphics(C_text, as.graphicsAnnot(x$label), x$x, x$y,  :
  for 'Callaway-Sant’Anna (2021) | Never-treated control | 95% uniform CB | Normalized to t−1' in 'mbcsToSbcs': - substituted for − (U+2212)
6: In grid.Call.graphics(C_text, as.graphicsAnnot(x$label), x$x, x$y,  :
  for 'Callaway-Sant’Anna (2021) | Never-treated control' in 'mbcsToSbcs': ' substituted for ’ (U+2019)

============================================================
Sport: Track & Field 
============================================================ 
States: 49 | Years: 26 | Rows: 1274 
Never-treated: 32 states

--- Overall ATT (simple) ---

Call:
aggte(MP = cs, type = "simple")

Reference: Callaway, Brantly and Pedro H.C. Sant'Anna.  "Difference-in-Differences with Multiple Time Periods." Journal of Econometrics, Vol. 225, No. 2, pp. 200-230, 2021. <https://doi.org/10.1016/j.jeconom.2020.12.001>, <https://arxiv.org/abs/1803.09015> 


      ATT    Std. Error     [ 95%  Conf. Int.]  
 3284.329      1149.138    1032.06    5536.598 *


---
Signif. codes: `*' confidence band does not cover 0

Control Group:  Never Treated,  Anticipation Periods:  0
Estimation Method:  Outcome Regression
NULL

--- ATT by cohort ---

Call:
aggte(MP = cs, type = "group")

Reference: Callaway, Brantly and Pedro H.C. Sant'Anna.  "Difference-in-Differences with Multiple Time Periods." Journal of Econometrics, Vol. 225, No. 2, pp. 200-230, 2021. <https://doi.org/10.1016/j.jeconom.2020.12.001>, <https://arxiv.org/abs/1803.09015> 


Overall summary of ATT's based on group/cohort aggregation:  
      ATT    Std. Error     [ 95%  Conf. Int.]  
 3064.674      1043.295   1019.852    5109.496 *


Group Effects:
 Group  Estimate Std. Error [95% Simult.  Conf. Band]  
  1997 4319.2689  2011.3563      -24.3520    8662.890  
  1998 5132.6384   829.1922     3341.9578    6923.319 *
  1999 3062.4141   268.0098     2483.6340    3641.194 *
  2000  508.4863   417.1335     -392.3336    1409.306  
  2003  899.2344   384.8106       68.2174    1730.251 *
  2006 3340.0481   331.1887     2624.8300    4055.266 *
  2008 1913.0739   281.2882     1305.6184    2520.529 *
  2010  859.0694   244.9627      330.0607    1388.078 *
---
Signif. codes: `*' confidence band does not cover 0

Control Group:  Never Treated,  Anticipation Periods:  0
Estimation Method:  Outcome Regression
NULL

--- Dynamic ATT (event study) ---

Call:
aggte(MP = cs, type = "dynamic", min_e = min_e, max_e = max_e)

Reference: Callaway, Brantly and Pedro H.C. Sant'Anna.  "Difference-in-Differences with Multiple Time Periods." Journal of Econometrics, Vol. 225, No. 2, pp. 200-230, 2021. <https://doi.org/10.1016/j.jeconom.2020.12.001>, <https://arxiv.org/abs/1803.09015> 


Overall summary of ATT's based on event-study/dynamic aggregation:  
      ATT    Std. Error     [ 95%  Conf. Int.]  
 1599.964      588.3863   446.7477     2753.18 *


Dynamic Effects:
 Event time   Estimate Std. Error [95% Simult.  Conf. Band]  
         -5 -2088.6328  1451.4314    -5326.0366    1148.771  
         -4   675.3750  1605.7891    -2906.3222    4257.072  
         -3  1856.7316   869.0932      -81.7726    3795.236  
         -2   598.0680   334.5964     -148.2462    1344.382  
         -1  -288.7518   546.8675    -1508.5346     931.031  
          0  -150.0570  1536.1348    -3576.3910    3276.277  
          1  1200.3566   532.9841       11.5406    2389.173 *
          2  1336.6250   539.9036      132.3751    2540.875 *
          3  1497.5790   659.7443       26.0258    2969.132 *
          4  1713.8695   636.0468      295.1731    3132.566 *
          5  1734.4522   625.2621      339.8111    3129.093 *
          6  2097.8805   701.0025      534.3012    3661.460 *
          7  2501.4798   740.6814      849.3970    4153.562 *
          8  2467.4871   794.1866      696.0615    4238.913 *
---
Signif. codes: `*' confidence band does not cover 0

Control Group:  Never Treated,  Anticipation Periods:  0
Estimation Method:  Outcome Regression
NULL
Saved: es_track_field.pdf
`height` was translated to `width`.
Saved: cohort_track_field.pdf
Warning messages:
1: In did_standarization(data, args) :
  Be aware that there are some small groups in your dataset.
  Check groups: c(2003, 1999, 2008, 2006, 2000, 1998, 2010).
2: In att_gt(yname = yname, tname = "year", idname = "state_id", gname = "first_treat",  :
  Not returning pre-test Wald statistic due to singular covariance matrix
3: In grid.Call.graphics(C_text, as.graphicsAnnot(x$label), x$x, x$y,  :
  for 'ATT relative to t−1 (participants)' in 'mbcsToSbcs': - substituted for − (U+2212)
4: In grid.Call.graphics(C_text, as.graphicsAnnot(x$label), x$x, x$y,  :
  for 'Callaway-Sant’Anna (2021) | Never-treated control | 95% uniform CB | Normalized to t−1' in 'mbcsToSbcs': ' substituted for ’ (U+2019)
5: In grid.Call.graphics(C_text, as.graphicsAnnot(x$label), x$x, x$y,  :
  for 'Callaway-Sant’Anna (2021) | Never-treated control | 95% uniform CB | Normalized to t−1' in 'mbcsToSbcs': - substituted for − (U+2212)
6: In grid.Call.graphics(C_text, as.graphicsAnnot(x$label), x$x, x$y,  :
  for 'Callaway-Sant’Anna (2021) | Never-treated control' in 'mbcsToSbcs': ' substituted for ’ (U+2019)

============================================================
SUMMARY: Overall ATT by Sport (Callaway-Sant'Anna)
============================================================ 
# A tibble: 4 × 6
  Sport           ATT    SE  CI_lo CI_hi   p_val
  <chr>         <dbl> <dbl>  <dbl> <dbl>   <dbl>
1 Basketball    2137.  847.  477.  3798. 0.0116 
2 Soccer        2893. 1301.  343.  5443. 0.0262 
3 Cross Country  760.  381.   14.5 1506. 0.0457 
4 Track & Field 3284. 1149. 1032.  5537. 0.00426
Warning message:
`geom_errobarh()` was deprecated in ggplot2 4.0.0.
ℹ Please use the `orientation` argument of `geom_errorbar()` instead. 
`height` was translated to `width`.
Warning message:
In grid.Call.graphics(C_text, as.graphicsAnnot(x$label), x$x, x$y,  :
  for 'Callaway-Sant’Anna (2021) | Never-treated control | 95% CI' in 'mbcsToSbcs': ' substituted for ’ (U+2019)
Saved: forest_att.pdf

============================================================
Synthetic DiD (stacked) — Basketball 
============================================================ 
  Cohort 1997: 7 treated, 31 controls, T0=4
    ATT = 2856.2  (SE = 457.4)
  Cohort 1998: 1 treated, 31 controls, T0=5
    ATT = 516.7  (SE = 1736.7)
  Cohort 1999: 2 treated, 31 controls, T0=6
    ATT = 1688.9  (SE = 909.6)
  Cohort 2000: 2 treated, 31 controls, T0=7
    ATT = -229.2  (SE = 881.2)
  Cohort 2003: 1 treated, 31 controls, T0=10
    ATT = 271.5  (SE = 1229.2)
  Cohort 2006: 1 treated, 31 controls, T0=13
    ATT = 2155.7  (SE = 1185.3)
  Cohort 2008: 1 treated, 31 controls, T0=15
    ATT = 1385.9  (SE = 889.7)
  Cohort 2010: 1 treated, 31 controls, T0=17
    ATT = 952.9  (SE = 1521.3)

Overall SDID ATT (Basketball): 1762.2  (SE = 306.3,  95% CI [1161.9, 2362.6])
Saved: sdid_basketball.pdf 

============================================================
Synthetic DiD (stacked) — Soccer 
============================================================ 
  Cohort 1997: 7 treated, 29 controls, T0=4
    ATT = 4308.2  (SE = 611.5)
  Cohort 1998: 2 treated, 29 controls, T0=5
    ATT = 2001.7  (SE = 1107.3)
  Cohort 1999: 2 treated, 29 controls, T0=6
    ATT = 1645.6  (SE = 772.9)
  Cohort 2000: 2 treated, 29 controls, T0=7
    ATT = -250.0  (SE = 849.6)
  Cohort 2003: 1 treated, 29 controls, T0=10
    ATT = 563.1  (SE = 1308.6)
  Cohort 2006: 1 treated, 29 controls, T0=13
    ATT = 2359.8  (SE = 670.0)
  Cohort 2008: 1 treated, 29 controls, T0=15
    ATT = 1069.4  (SE = 841.7)
  Cohort 2010: 1 treated, 29 controls, T0=17
    ATT = 1857.0  (SE = 815.6)

Overall SDID ATT (Soccer): 2517.7  (SE = 317.6,  95% CI [1895.3, 3140.2])
Saved: sdid_soccer.pdf 

============================================================
Synthetic DiD (stacked) — Cross Country 
============================================================ 
  Cohort 1997: 6 treated, 31 controls, T0=4
    ATT = 13.7  (SE = 195.5)
  Cohort 1998: 2 treated, 31 controls, T0=5
    ATT = 991.2  (SE = 599.5)
  Cohort 1999: 2 treated, 31 controls, T0=6
    ATT = 1024.9  (SE = 388.8)
  Cohort 2000: 3 treated, 31 controls, T0=7
    ATT = 647.0  (SE = 297.7)
  Cohort 2003: 1 treated, 31 controls, T0=10
    ATT = 397.2  (SE = 551.6)
  Cohort 2006: 1 treated, 31 controls, T0=13
    ATT = 1342.9  (SE = 504.1)
  Cohort 2008: 1 treated, 31 controls, T0=15
    ATT = 1576.4  (SE = 431.3)
  Cohort 2010: 1 treated, 31 controls, T0=17
    ATT = 1184.7  (SE = 435.6)

Overall SDID ATT (Cross Country): 621.0  (SE = 144.1,  95% CI [338.5, 903.5])
Saved: sdid_cross_country.pdf 

============================================================
Synthetic DiD (stacked) — Track & Field 
============================================================ 
  Cohort 1997: 7 treated, 32 controls, T0=4
    ATT = 5069.7  (SE = 640.9)
  Cohort 1998: 2 treated, 32 controls, T0=5
    ATT = 4910.5  (SE = 1234.0)
  Cohort 1999: 1 treated, 32 controls, T0=6
    ATT = 2541.8  (SE = 1616.5)
  Cohort 2000: 3 treated, 32 controls, T0=7
    ATT = 302.2  (SE = 993.1)
  Cohort 2003: 1 treated, 32 controls, T0=10
