This is pdfTeX, Version 3.141592653-2.6-1.40.27 (TeX Live 2025) (preloaded format=pdflatex 2025.3.8)  13 OCT 2025 20:42
entering extended mode
 restricted \write18 enabled.
 file:line:error style messages enabled.
 %&-line parsing enabled.
**PS1-Mason.tex
(./PS1-Mason.tex
LaTeX2e <2024-11-01> patch level 2
L3 programming layer <2025-01-18>
(/usr/local/texlive/2025/texmf-dist/tex/latex/base/article.cls
Document Class: article 2024/06/29 v1.4n Standard LaTeX document class
(/usr/local/texlive/2025/texmf-dist/tex/latex/base/size11.clo
File: size11.clo 2024/06/29 v1.4n Standard LaTeX file (size option)
)
\c@part=\count196
\c@section=\count197
\c@subsection=\count198
\c@subsubsection=\count199
\c@paragraph=\count266
\c@subparagraph=\count267
\c@figure=\count268
\c@table=\count269
\abovecaptionskip=\skip49
\belowcaptionskip=\skip50
\bibindent=\dimen141
) (/usr/local/texlive/2025/texmf-dist/tex/latex/geometry/geometry.sty
Package: geometry 2020/01/02 v5.9 Page Geometry
 (/usr/local/texlive/2025/texmf-dist/tex/latex/graphics/keyval.sty
Package: keyval 2022/05/29 v1.15 key=value parser (DPC)
\KV@toks@=\toks17
) (/usr/local/texlive/2025/texmf-dist/tex/generic/iftex/ifvtex.sty
Package: ifvtex 2019/10/25 v1.7 ifvtex legacy package. Use iftex instead.
 (/usr/local/texlive/2025/texmf-dist/tex/generic/iftex/iftex.sty
Package: iftex 2024/12/12 v1.0g TeX engine tests
))
\Gm@cnth=\count270
\Gm@cntv=\count271
\c@Gm@tempcnt=\count272
\Gm@bindingoffset=\dimen142
\Gm@wd@mp=\dimen143
\Gm@odd@mp=\dimen144
\Gm@even@mp=\dimen145
\Gm@layoutwidth=\dimen146
\Gm@layoutheight=\dimen147
\Gm@layouthoffset=\dimen148
\Gm@layoutvoffset=\dimen149
\Gm@dimlist=\toks18
) (/usr/local/texlive/2025/texmf-dist/tex/latex/amsmath/amsmath.sty
Package: amsmath 2024/11/05 v2.17t AMS math features
\@mathmargin=\skip51

For additional information on amsmath, use the `?' option.
(/usr/local/texlive/2025/texmf-dist/tex/latex/amsmath/amstext.sty
Package: amstext 2021/08/26 v2.01 AMS text
 (/usr/local/texlive/2025/texmf-dist/tex/latex/amsmath/amsgen.sty
File: amsgen.sty 1999/11/30 v2.0 generic functions
\@emptytoks=\toks19
\ex@=\dimen150
)) (/usr/local/texlive/2025/texmf-dist/tex/latex/amsmath/amsbsy.sty
Package: amsbsy 1999/11/29 v1.2d Bold Symbols
\pmbraise@=\dimen151
) (/usr/local/texlive/2025/texmf-dist/tex/latex/amsmath/amsopn.sty
Package: amsopn 2022/04/08 v2.04 operator names
)
\inf@bad=\count273
LaTeX Info: Redefining \frac on input line 233.
\uproot@=\count274
\leftroot@=\count275
LaTeX Info: Redefining \overline on input line 398.
LaTeX Info: Redefining \colon on input line 409.
\classnum@=\count276
\DOTSCASE@=\count277
LaTeX Info: Redefining \ldots on input line 495.
LaTeX Info: Redefining \dots on input line 498.
LaTeX Info: Redefining \cdots on input line 619.
\Mathstrutbox@=\box52
\strutbox@=\box53
LaTeX Info: Redefining \big on input line 721.
LaTeX Info: Redefining \Big on input line 722.
LaTeX Info: Redefining \bigg on input line 723.
LaTeX Info: Redefining \Bigg on input line 724.
\big@size=\dimen152
LaTeX Font Info:    Redeclaring font encoding OML on input line 742.
LaTeX Font Info:    Redeclaring font encoding OMS on input line 743.
\macc@depth=\count278
LaTeX Info: Redefining \bmod on input line 904.
LaTeX Info: Redefining \pmod on input line 909.
LaTeX Info: Redefining \smash on input line 939.
LaTeX Info: Redefining \relbar on input line 969.
LaTeX Info: Redefining \Relbar on input line 970.
\c@MaxMatrixCols=\count279
\dotsspace@=\muskip17
\c@parentequation=\count280
\dspbrk@lvl=\count281
\tag@help=\toks20
\row@=\count282
\column@=\count283
\maxfields@=\count284
\andhelp@=\toks21
\eqnshift@=\dimen153
\alignsep@=\dimen154
\tagshift@=\dimen155
\tagwidth@=\dimen156
\totwidth@=\dimen157
\lineht@=\dimen158
\@envbody=\toks22
\multlinegap=\skip52
\multlinetaggap=\skip53
\mathdisplay@stack=\toks23
LaTeX Info: Redefining \[ on input line 2953.
LaTeX Info: Redefining \] on input line 2954.
) (/usr/local/texlive/2025/texmf-dist/tex/latex/amsfonts/amssymb.sty
Package: amssymb 2013/01/14 v3.01 AMS font symbols
 (/usr/local/texlive/2025/texmf-dist/tex/latex/amsfonts/amsfonts.sty
Package: amsfonts 2013/01/14 v3.01 Basic AMSFonts support
\symAMSa=\mathgroup4
\symAMSb=\mathgroup5
LaTeX Font Info:    Redeclaring math symbol \hbar on input line 98.
LaTeX Font Info:    Overwriting math alphabet `\mathfrak' in version `bold'
(Font)                  U/euf/m/n --> U/euf/b/n on input line 106.
)) (/usr/local/texlive/2025/texmf-dist/tex/latex/booktabs/booktabs.sty
Package: booktabs 2020/01/12 v1.61803398 Publication quality tables
\heavyrulewidth=\dimen159
\lightrulewidth=\dimen160
\cmidrulewidth=\dimen161
\belowrulesep=\dimen162
\belowbottomsep=\dimen163
\aboverulesep=\dimen164
\abovetopsep=\dimen165
\cmidrulesep=\dimen166
\cmidrulekern=\dimen167
\defaultaddspace=\dimen168
\@cmidla=\count285
\@cmidlb=\count286
\@aboverulesep=\dimen169
\@belowrulesep=\dimen170
\@thisruleclass=\count287
\@lastruleclass=\count288
\@thisrulewidth=\dimen171
) (/usr/local/texlive/2025/texmf-dist/tex/latex/graphics/graphicx.sty
Package: graphicx 2021/09/16 v1.2d Enhanced LaTeX Graphics (DPC,SPQR)
 (/usr/local/texlive/2025/texmf-dist/tex/latex/graphics/graphics.sty
Package: graphics 2024/08/06 v1.4g Standard LaTeX Graphics (DPC,SPQR)
 (/usr/local/texlive/2025/texmf-dist/tex/latex/graphics/trig.sty
Package: trig 2023/12/02 v1.11 sin cos tan (DPC)
) (/usr/local/texlive/2025/texmf-dist/tex/latex/graphics-cfg/graphics.cfg
File: graphics.cfg 2016/06/04 v1.11 sample graphics configuration
)
Package graphics Info: Driver file: pdftex.def on input line 106.
 (/usr/local/texlive/2025/texmf-dist/tex/latex/graphics-def/pdftex.def
File: pdftex.def 2024/04/13 v1.2c Graphics/color driver for pdftex
))
\Gin@req@height=\dimen172
\Gin@req@width=\dimen173
) (/usr/local/texlive/2025/texmf-dist/tex/latex/float/float.sty
Package: float 2001/11/08 v1.3d Float enhancements (AL)
\c@float@type=\count289
\float@exts=\toks24
\float@box=\box54
\@float@everytoks=\toks25
\@floatcapt=\box55
) (/usr/local/texlive/2025/texmf-dist/tex/latex/caption/caption.sty
Package: caption 2023/08/05 v3.6o Customizing captions (AR)
 (/usr/local/texlive/2025/texmf-dist/tex/latex/caption/caption3.sty
Package: caption3 2023/07/31 v2.4d caption3 kernel (AR)
\caption@tempdima=\dimen174
\captionmargin=\dimen175
\caption@leftmargin=\dimen176
\caption@rightmargin=\dimen177
\caption@width=\dimen178
\caption@indent=\dimen179
\caption@parindent=\dimen180
\caption@hangindent=\dimen181
Package caption Info: Standard document class detected.
)
\c@caption@flags=\count290
\c@continuedfloat=\count291
Package caption Info: float package is loaded.
) (/usr/local/texlive/2025/texmf-dist/tex/latex/caption/subcaption.sty
Package: subcaption 2023/07/28 v1.6b Sub-captions (AR)
Package caption Info: New subtype `subfigure' on input line 238.
\c@subfigure=\count292
Package caption Info: New subtype `subtable' on input line 238.
\c@subtable=\count293
) (/usr/local/texlive/2025/texmf-dist/tex/latex/siunitx/siunitx.sty
Package: siunitx 2025-02-27 v3.4.6 A comprehensive (SI) units package
\l__siunitx_number_uncert_offset_int=\count294
\l__siunitx_number_exponent_fixed_int=\count295
\l__siunitx_number_min_decimal_int=\count296
\l__siunitx_number_min_integer_int=\count297
\l__siunitx_number_round_precision_int=\count298
\l__siunitx_number_lower_threshold_int=\count299
\l__siunitx_number_upper_threshold_int=\count300
\l__siunitx_number_group_first_int=\count301
\l__siunitx_number_group_size_int=\count302
\l__siunitx_number_group_minimum_int=\count303
\l__siunitx_angle_tmp_dim=\dimen182
\l__siunitx_angle_marker_box=\box56
\l__siunitx_angle_unit_box=\box57
\l__siunitx_compound_count_int=\count304
 (/usr/local/texlive/2025/texmf-dist/tex/latex/translations/translations.sty
Package: translations 2022/02/05 v1.12 internationalization of LaTeX2e packages (CN)
 (/usr/local/texlive/2025/texmf-dist/tex/latex/etoolbox/etoolbox.sty
Package: etoolbox 2025/02/11 v2.5l e-TeX tools for LaTeX (JAW)
\etb@tempcnta=\count305
) (/usr/local/texlive/2025/texmf-dist/tex/generic/pdftexcmds/pdftexcmds.sty
Package: pdftexcmds 2020-06-27 v0.33 Utility functions of pdfTeX for LuaTeX (HO)
 (/usr/local/texlive/2025/texmf-dist/tex/generic/infwarerr/infwarerr.sty
Package: infwarerr 2019/12/03 v1.5 Providing info/warning/error messages (HO)
) (/usr/local/texlive/2025/texmf-dist/tex/generic/ltxcmds/ltxcmds.sty
Package: ltxcmds 2023-12-04 v1.26 LaTeX kernel commands for general use (HO)
)
Package pdftexcmds Info: \pdf@primitive is available.
Package pdftexcmds Info: \pdf@ifprimitive is available.
Package pdftexcmds Info: \pdfdraftmode found.
))
\l__siunitx_table_tmp_box=\box58
\l__siunitx_table_tmp_dim=\dimen183
\l__siunitx_table_column_width_dim=\dimen184
\l__siunitx_table_integer_box=\box59
\l__siunitx_table_decimal_box=\box60
\l__siunitx_table_uncert_box=\box61
\l__siunitx_table_before_box=\box62
\l__siunitx_table_after_box=\box63
\l__siunitx_table_before_dim=\dimen185
\l__siunitx_table_carry_dim=\dimen186
\l__siunitx_unit_tmp_int=\count306
\l__siunitx_unit_position_int=\count307
\l__siunitx_unit_total_int=\count308
 (/usr/local/texlive/2025/texmf-dist/tex/latex/tools/array.sty
Package: array 2024/10/17 v2.6g Tabular extension package (FMi)
\col@sep=\dimen187
\ar@mcellbox=\box64
\extrarowheight=\dimen188
\NC@list=\toks26
\extratabsurround=\skip54
\backup@length=\skip55
\ar@cellbox=\box65
))
Package translations Info: No language package found. I am going to use `english' as default language. on input line 35.
 (/usr/local/texlive/2025/texmf-dist/tex/latex/graphics/color.sty
Package: color 2024/06/23 v1.3e Standard LaTeX Color (DPC)
 (/usr/local/texlive/2025/texmf-dist/tex/latex/graphics-cfg/color.cfg
File: color.cfg 2016/01/02 v1.6 sample color configuration
)
Package color Info: Driver file: pdftex.def on input line 149.
 (/usr/local/texlive/2025/texmf-dist/tex/latex/graphics/mathcolor.ltx)) (/usr/local/texlive/2025/texmf-dist/tex/latex/l3backend/l3backend-pdftex.def
File: l3backend-pdftex.def 2024-05-08 L3 backend support: PDF output (pdfTeX)
\l__color_backend_stack_int=\count309
\l__pdf_internal_box=\box66
) (./PS1-Mason.aux)
\openout1 = `PS1-Mason.aux'.

LaTeX Font Info:    Checking defaults for OML/cmm/m/it on input line 35.
LaTeX Font Info:    ... okay on input line 35.
LaTeX Font Info:    Checking defaults for OMS/cmsy/m/n on input line 35.
LaTeX Font Info:    ... okay on input line 35.
LaTeX Font Info:    Checking defaults for OT1/cmr/m/n on input line 35.
LaTeX Font Info:    ... okay on input line 35.
LaTeX Font Info:    Checking defaults for T1/cmr/m/n on input line 35.
LaTeX Font Info:    ... okay on input line 35.
LaTeX Font Info:    Checking defaults for TS1/cmr/m/n on input line 35.
LaTeX Font Info:    ... okay on input line 35.
LaTeX Font Info:    Checking defaults for OMX/cmex/m/n on input line 35.
LaTeX Font Info:    ... okay on input line 35.
LaTeX Font Info:    Checking defaults for U/cmr/m/n on input line 35.
LaTeX Font Info:    ... okay on input line 35.

*geometry* driver: auto-detecting
*geometry* detected driver: pdftex
*geometry* verbose mode - [ preamble ] result:
* driver: pdftex
* paper: <default>
* layout: <same size as paper>
* layoutoffset:(h,v)=(0.0pt,0.0pt)
* modes: 
* h-part:(L,W,R)=(72.26999pt, 469.75502pt, 72.26999pt)
* v-part:(T,H,B)=(72.26999pt, 650.43001pt, 72.26999pt)
* \paperwidth=614.295pt
* \paperheight=794.96999pt
* \textwidth=469.75502pt
* \textheight=650.43001pt
* \oddsidemargin=0.0pt
* \evensidemargin=0.0pt
* \topmargin=-37.0pt
* \headheight=12.0pt
* \headsep=25.0pt
* \topskip=11.0pt
* \footskip=30.0pt
* \marginparwidth=59.0pt
* \marginparsep=10.0pt
* \columnsep=10.0pt
* \skip\footins=10.0pt plus 4.0pt minus 2.0pt
* \hoffset=0.0pt
* \voffset=0.0pt
* \mag=1000
* \@twocolumnfalse
* \@twosidefalse
* \@mparswitchfalse
* \@reversemarginfalse
* (1in=72.27pt=25.4mm, 1cm=28.453pt)

(/usr/local/texlive/2025/texmf-dist/tex/context/base/mkii/supp-pdf.mkii
[Loading MPS to PDF converter (version 2006.09.02).]
\scratchcounter=\count310
\scratchdimen=\dimen189
\scratchbox=\box67
\nofMPsegments=\count311
\nofMParguments=\count312
\everyMPshowfont=\toks27
\MPscratchCnt=\count313
\MPscratchDim=\dimen190
\MPnumerator=\count314
\makeMPintoPDFobject=\count315
\everyMPtoPDFconversion=\toks28
) (/usr/local/texlive/2025/texmf-dist/tex/latex/epstopdf-pkg/epstopdf-base.sty
Package: epstopdf-base 2020-01-24 v2.11 Base part for package epstopdf
Package epstopdf-base Info: Redefining graphics rule for `.eps' on input line 485.
 (/usr/local/texlive/2025/texmf-dist/tex/latex/latexconfig/epstopdf-sys.cfg
File: epstopdf-sys.cfg 2010/07/13 v1.3 Configuration of (r)epstopdf for TeX Live
))
Package caption Info: Begin \AtBeginDocument code.
Package caption Info: End \AtBeginDocument code.
 (/usr/local/texlive/2025/texmf-dist/tex/latex/translations/translations-basic-dictionary-english.trsl
File: translations-basic-dictionary-english.trsl (english translation file `translations-basic-dictionary')
)
Package translations Info: loading dictionary `translations-basic-dictionary' for `english'. on input line 35.
LaTeX Font Info:    Trying to load font information for U+msa on input line 36.
 (/usr/local/texlive/2025/texmf-dist/tex/latex/amsfonts/umsa.fd
File: umsa.fd 2013/01/14 v3.01 AMS symbols A
)
LaTeX Font Info:    Trying to load font information for U+msb on input line 36.
 (/usr/local/texlive/2025/texmf-dist/tex/latex/amsfonts/umsb.fd
File: umsb.fd 2013/01/14 v3.01 AMS symbols B
) (./PS1-Mason.toc)
\tf@toc=\write3
\openout3 = `PS1-Mason.toc'.



[1

{/usr/local/texlive/2025/texmf-var/fonts/map/pdftex/updmap/pdftex.map}]
<q12-ts-1.pdf, id=11, 722.7pt x 433.62pt>
File: q12-ts-1.pdf Graphic file (type pdf)
<use q12-ts-1.pdf>
Package pdftex.def Info: q12-ts-1.pdf  used on input line 65.
(pdftex.def)             Requested size: 375.80544pt x 225.48369pt.
<q12-ts-2.pdf, id=12, 722.7pt x 433.62pt>
File: q12-ts-2.pdf Graphic file (type pdf)
<use q12-ts-2.pdf>
Package pdftex.def Info: q12-ts-2.pdf  used on input line 71.
(pdftex.def)             Requested size: 375.80544pt x 225.48369pt.


[2 <./q12-ts-1.pdf>]
<q12-ts-3.png, id=21, 722.7pt x 433.62pt>
File: q12-ts-3.png Graphic file (type png)
<use q12-ts-3.png>
Package pdftex.def Info: q12-ts-3.png  used on input line 77.
(pdftex.def)             Requested size: 375.80544pt x 225.48369pt.
<q13-hhi-1.pdf, id=22, 722.7pt x 433.62pt>
File: q13-hhi-1.pdf Graphic file (type pdf)
<use q13-hhi-1.pdf>
Package pdftex.def Info: q13-hhi-1.pdf  used on input line 88.
(pdftex.def)             Requested size: 375.80544pt x 225.48369pt.


[3 <./q12-ts-2.pdf> <./q12-ts-3.png>]
<q13-hhi-2.pdf, id=31, 722.7pt x 433.62pt>
File: q13-hhi-2.pdf Graphic file (type pdf)
<use q13-hhi-2.pdf>
Package pdftex.def Info: q13-hhi-2.pdf  used on input line 94.
(pdftex.def)             Requested size: 375.80544pt x 225.48369pt.
<q13-hhi-3.pdf, id=32, 722.7pt x 433.62pt>
File: q13-hhi-3.pdf Graphic file (type pdf)
<use q13-hhi-3.pdf>
Package pdftex.def Info: q13-hhi-3.pdf  used on input line 100.
(pdftex.def)             Requested size: 375.80544pt x 225.48369pt.


[4 <./q13-hhi-1.pdf> <./q13-hhi-2.pdf>]
Overfull \hbox (8.5167pt too wide) detected at line 122
$\OMS/cmsy/m/n/10.95 ^^@\OT1/cmr/m/n/10.95 8$
 []


Overfull \hbox (8.5167pt too wide) detected at line 123
$\OMS/cmsy/m/n/10.95 ^^@\OT1/cmr/m/n/10.95 0$
 []


Overfull \hbox (8.5167pt too wide) detected at line 124
$\OMS/cmsy/m/n/10.95 ^^@\OT1/cmr/m/n/10.95 0$
 []

<q2-2-1.pdf, id=46, 722.7pt x 433.62pt>
File: q2-2-1.pdf Graphic file (type pdf)
<use q2-2-1.pdf>
Package pdftex.def Info: q2-2-1.pdf  used on input line 133.
(pdftex.def)             Requested size: 375.80544pt x 225.48369pt.


[5 <./q13-hhi-3.pdf>]
Overfull \hbox (13.9917pt too wide) detected at line 145
$\OMS/cmsy/m/n/10.95 ^^@\OT1/cmr/m/n/10.95 62$
 []


Overfull \hbox (8.5167pt too wide) detected at line 146
$\OMS/cmsy/m/n/10.95 ^^@\OT1/cmr/m/n/10.95 0$
 []


Overfull \hbox (8.5167pt too wide) detected at line 147
$\OMS/cmsy/m/n/10.95 ^^@\OT1/cmr/m/n/10.95 0$
 []

<q2-3-1.pdf, id=59, 722.7pt x 433.62pt>
File: q2-3-1.pdf Graphic file (type pdf)
<use q2-3-1.pdf>
Package pdftex.def Info: q2-3-1.pdf  used on input line 156.
(pdftex.def)             Requested size: 375.80544pt x 225.48369pt.


[6 <./q2-2-1.pdf>]
./PS1-Mason.tex:163: Missing $ inserted.
<inserted text> 
                $
l.163 
      
I've inserted a begin-math/end-math symbol since I think
you left one out. Proceed, with fingers crossed.

./PS1-Mason.tex:163: Display math should end with $$.
<to be read again> 
                   \tex_par:D 
l.163 
      
The `$' that I just saw supposedly matches a previous `$$'.
So I shall assume that you typed `$$' both times.


Overfull \hbox (89.60352pt too wide) in paragraph at lines 169--180
 [][] 
 []


./PS1-Mason.tex:182: LaTeX Error: Bad math environment delimiter.

See the LaTeX manual or LaTeX Companion for explanation.
Type  H <return>  for immediate help.
 ...                                              
                                                  
l.182 \]
        
Your command was ignored.
Type  I <command> <return>  to replace it with another command,
or  <return>  to continue without it.

./PS1-Mason.tex:182: Missing $ inserted.
<inserted text> 
                $
l.182 \]
        
I've inserted something that you may have forgotten.
(See the <inserted text> above.)
With luck, this will get me unwedged. But if you
really didn't forget anything, try typing `2' now; then
my insertion and my current dilemma will both disappear.

./PS1-Mason.tex:182: Display math should end with $$.
<to be read again> 
                   \endgroup 
l.182 \]
        
The `$' that I just saw supposedly matches a previous `$$'.
So I shall assume that you typed `$$' both times.

<q2-5-1.pdf, id=71, 722.7pt x 433.62pt>
File: q2-5-1.pdf Graphic file (type pdf)
<use q2-5-1.pdf>
Package pdftex.def Info: q2-5-1.pdf  used on input line 188.
(pdftex.def)             Requested size: 375.80544pt x 225.48369pt.


[7 <./q2-3-1.pdf>]
./PS1-Mason.tex:197: Extra alignment tab has been changed to \cr.
<recently read> \endtemplate 
                             
l.197     \textbf{Brand} & \textbf{Avg. Markup} &
                                                  \textbf{S.D. Markup}\\
You have given more \span or & marks than there were
in the preamble to the \halign or \valign now in progress.
So I'll assume that you meant to type \cr instead.

./PS1-Mason.tex:199: Extra alignment tab has been changed to \cr.
<recently read> \endtemplate 
                             
l.199     Ralcorp Holdings & 0.081 &
                                     0.0225 \\
You have given more \span or & marks than there were
in the preamble to the \halign or \valign now in progress.
So I'll assume that you meant to type \cr instead.

./PS1-Mason.tex:200: Extra alignment tab has been changed to \cr.
<recently read> \endtemplate 
                             
l.200     Pepsico Inc. & 0.081 &
                                 0.0179 \\
You have given more \span or & marks than there were
in the preamble to the \halign or \valign now in progress.
So I'll assume that you meant to type \cr instead.

./PS1-Mason.tex:201: Extra alignment tab has been changed to \cr.
<recently read> \endtemplate 
                             
l.201     Kelloggs & 0.076 &
                             0.0182 \\
You have given more \span or & marks than there were
in the preamble to the \halign or \valign now in progress.
So I'll assume that you meant to type \cr instead.

./PS1-Mason.tex:202: Extra alignment tab has been changed to \cr.
<recently read> \endtemplate 
                             
l.202     General Mills & 0.0634 &
                                   0.0127 \\
You have given more \span or & marks than there were
in the preamble to the \halign or \valign now in progress.
So I'll assume that you meant to type \cr instead.

./PS1-Mason.tex:211: Missing $ inserted.
<inserted text> 
                $
l.211 
      
I've inserted a begin-math/end-math symbol since I think
you left one out. Proceed, with fingers crossed.

./PS1-Mason.tex:211: Display math should end with $$.
<to be read again> 
                   \tex_par:D 
l.211 
      
The `$' that I just saw supposedly matches a previous `$$'.
So I shall assume that you typed `$$' both times.


Overfull \hbox (13.9917pt too wide) detected at line 219
$\OMS/cmsy/m/n/10.95 ^^@\OT1/cmr/m/n/10.95 54$
 []


Overfull \hbox (8.5167pt too wide) detected at line 220
$\OMS/cmsy/m/n/10.95 ^^@\OT1/cmr/m/n/10.95 0$
 []


Overfull \hbox (8.5167pt too wide) detected at line 221
$\OMS/cmsy/m/n/10.95 ^^@\OT1/cmr/m/n/10.95 0$
 []



[8 <./q2-5-1.pdf>]
<q2-7-1.pdf, id=95, 722.7pt x 433.62pt>
File: q2-7-1.pdf Graphic file (type pdf)
<use q2-7-1.pdf>
Package pdftex.def Info: q2-7-1.pdf  used on input line 231.
(pdftex.def)             Requested size: 375.80544pt x 225.48369pt.

./PS1-Mason.tex:236: Missing $ inserted.
<inserted text> 
                $
l.236 
      
I've inserted a begin-math/end-math symbol since I think
you left one out. Proceed, with fingers crossed.

./PS1-Mason.tex:236: Display math should end with $$.
<to be read again> 
                   \tex_par:D 
l.236 
      
The `$' that I just saw supposedly matches a previous `$$'.
So I shall assume that you typed `$$' both times.


./PS1-Mason.tex:255: LaTeX Error: Bad math environment delimiter.

See the LaTeX manual or LaTeX Companion for explanation.
Type  H <return>  for immediate help.
 ...                                              
                                                  
l.255 \]
        
Your command was ignored.
Type  I <command> <return>  to replace it with another command,
or  <return>  to continue without it.

./PS1-Mason.tex:255: Missing $ inserted.
<inserted text> 
                $
l.255 \]
        
I've inserted something that you may have forgotten.
(See the <inserted text> above.)
With luck, this will get me unwedged. But if you
really didn't forget anything, try typing `2' now; then
my insertion and my current dilemma will both disappear.

./PS1-Mason.tex:255: Display math should end with $$.
<to be read again> 
                   \endgroup 
l.255 \]
        
The `$' that I just saw supposedly matches a previous `$$'.
So I shall assume that you typed `$$' both times.



[9 <./q2-7-1.pdf>]
<q2-9-1.pdf, id=107, 722.7pt x 433.62pt>
File: q2-9-1.pdf Graphic file (type pdf)
<use q2-9-1.pdf>
Package pdftex.def Info: q2-9-1.pdf  used on input line 264.
(pdftex.def)             Requested size: 375.80544pt x 225.48369pt.


[10{/usr/local/texlive/2025/texmf-dist/fonts/enc/dvips/cm-super/cm-super-ts1.enc} <./q2-9-1.pdf>]
Overfull \hbox (8.5167pt too wide) detected at line 350
$\OMS/cmsy/m/n/10.95 ^^@\OT1/cmr/m/n/10.95 5$
 []


Overfull \hbox (8.5167pt too wide) detected at line 353
$\OMS/cmsy/m/n/10.95 ^^@\OT1/cmr/m/n/10.95 0$
 []


Overfull \hbox (8.5167pt too wide) detected at line 354
$\OMS/cmsy/m/n/10.95 ^^@\OT1/cmr/m/n/10.95 0$
 []


Overfull \hbox (19.4667pt too wide) detected at line 355
$\OMS/cmsy/m/n/10.95 ^^@\OT1/cmr/m/n/10.95 128$
 []


Overfull \hbox (13.9917pt too wide) detected at line 356
$\OMS/cmsy/m/n/10.95 ^^@\OT1/cmr/m/n/10.95 24$
 []

<3.1_hist.pdf, id=119, 516.73048pt x 599.1183pt>
File: 3.1_hist.pdf Graphic file (type pdf)
<use 3.1_hist.pdf>
Package pdftex.def Info: 3.1_hist.pdf  used on input line 365.
(pdftex.def)             Requested size: 375.80544pt x 435.72548pt.


[11]

./PS1-Mason.tex:374: LaTeX Error: \begin{equation} on input line 209 ended by \end{document}.

See the LaTeX manual or LaTeX Companion for explanation.
Type  H <return>  for immediate help.
 ...                                              
                                                  
l.374 \end{document}
                    
Your command was ignored.
Type  I <command> <return>  to replace it with another command,
or  <return>  to continue without it.



[12 <./3.1_hist.pdf>] (./PS1-Mason.aux)
 ***********
LaTeX2e <2024-11-01> patch level 2
L3 programming layer <2025-01-18>
 ***********
 )
(\end occurred inside a group at level 1)

### semi simple group (level 1) entered at line 209 (\begingroup)
### bottom level 
Here is how much of TeX's memory you used:
 9272 strings out of 473190
 207410 string characters out of 5715801
 567681 words of memory out of 5000000
 32452 multiletter control sequences out of 15000+600000
 570988 words of font info for 81 fonts, out of 8000000 for 9000
 1141 hyphenation exceptions out of 8191
 73i,13n,80p,246b,539s stack positions out of 10000i,1000n,20000p,200000b,200000s
</usr/local/texlive/2025/texmf-dist/fonts/type1/public/amsfonts/cm/cmbx10.pfb></usr/local/texlive/2025/texmf-dist/fonts/type1/public/amsfonts/cm/cmbx12.pfb></usr/local/texlive/2025/texmf-dist/fonts/type1/public/amsfonts/cm/cmmi10.pfb></usr/local/texlive/2025/texmf-dist/fonts/type1/public/amsfonts/cm/cmmi8.pfb></usr/local/texlive/2025/texmf-dist/fonts/type1/public/amsfonts/cm/cmr10.pfb></usr/local/texlive/2025/texmf-dist/fonts/type1/public/amsfonts/cm/cmr12.pfb></usr/local/texlive/2025/texmf-dist/fonts/type1/public/amsfonts/cm/cmr17.pfb></usr/local/texlive/2025/texmf-dist/fonts/type1/public/amsfonts/cm/cmr8.pfb></usr/local/texlive/2025/texmf-dist/fonts/type1/public/amsfonts/cm/cmsy10.pfb></usr/local/texlive/2025/texmf-dist/fonts/type1/public/amsfonts/cm/cmsy8.pfb></usr/local/texlive/2025/texmf-dist/fonts/type1/public/amsfonts/cm/cmti10.pfb></usr/local/texlive/2025/texmf-dist/fonts/type1/public/cm-super/sfrm1095.pfb>
Output written on PS1-Mason.pdf (12 pages, 424717 bytes).
PDF statistics:
 214 PDF objects out of 1000 (max. 8388607)
 123 compressed objects within 2 object streams
 0 named destinations out of 1000 (max. 500000)
 61 words of extra memory for PDF output out of 10000 (max. 10000000)

